
> micro-gestion-facile@0.0.0 test:run
> vitest run Dashboard.test.tsx


[1m[46m RUN [49m[22m [36mv4.0.18 [39m[90mC:/Users/Thomas/Desktop/micro-gestion-facile-base[39m

node.exe : [90mstderr[2m | src/components/Dashboard.test.tsx[2m > [22m[2mƒôè Dashboard Component[2m > [22m[2mRendu 
initial[2m > [22m[2mdevrait se rendre sans erreur
Au caractère Ligne:1 : 1
+ & "C:\Program Files\nodejs/node.exe" "C:\Program Files\nodejs/node_mo ...
+ ~~~~~~~~~~~~~~~~~~~~~~~~~~~~~~~~~~~~~~~~~~~~~~~~~~~~~~~~~~~~~~~~~~~~~
    + CategoryInfo          : NotSpecified: ([90mstderr[2m...dre sans erreur:String) [], RemoteException
    + FullyQualifiedErrorId : NativeCommandError
 
[22m[39mThe width(-1) and height(-1) of chart should be greater than 0,
       please check the style of container, or the props width(100%) and height(100%),
       or add a minWidth(0) or minHeight(undefined) or use aspect(undefined) to control the
       height and width.

[90mstderr[2m | src/components/Dashboard.test.tsx[2m > [22m[2mƒôè Dashboard Component[2m > [22m[2mRendu initial[2m > 
[22m[2mdevrait se rendre sans erreur
[22m[39mAn update to Dashboard inside a test was not wrapped in act(...).

When testing, code that causes React state updates should be wrapped into act(...):

act(() => {
  /* fire events that update state */
});
/* assert on the output */

This ensures that you're testing the behavior the user would see in the browser. Learn more at 
https://react.dev/link/wrap-tests-with-act

[90mstderr[2m | src/components/Dashboard.test.tsx[2m > [22m[2mƒôè Dashboard Component[2m > [22m[2mRendu initial[2m > 
[22m[2mdevrait afficher le composant Header
[22m[39mThe width(-1) and height(-1) of chart should be greater than 0,
       please check the style of container, or the props width(100%) and height(100%),
       or add a minWidth(0) or minHeight(undefined) or use aspect(undefined) to control the
       height and width.

[90mstderr[2m | src/components/Dashboard.test.tsx[2m > [22m[2mƒôè Dashboard Component[2m > [22m[2mRendu initial[2m > 
[22m[2mdevrait afficher le composant Header
[22m[39mAn update to Dashboard inside a test was not wrapped in act(...).

When testing, code that causes React state updates should be wrapped into act(...):

act(() => {
  /* fire events that update state */
});
/* assert on the output */

This ensures that you're testing the behavior the user would see in the browser. Learn more at 
https://react.dev/link/wrap-tests-with-act

[90mstderr[2m | src/components/Dashboard.test.tsx[2m > [22m[2mƒôè Dashboard Component[2m > [22m[2mRendu initial[2m > 
[22m[2mdevrait afficher le ThresholdMonitor
[22m[39mThe width(-1) and height(-1) of chart should be greater than 0,
       please check the style of container, or the props width(100%) and height(100%),
       or add a minWidth(0) or minHeight(undefined) or use aspect(undefined) to control the
       height and width.

[90mstderr[2m | src/components/Dashboard.test.tsx[2m > [22m[2mƒôè Dashboard Component[2m > [22m[2mRendu initial[2m > 
[22m[2mdevrait afficher le ThresholdMonitor
[22m[39mAn update to Dashboard inside a test was not wrapped in act(...).

When testing, code that causes React state updates should be wrapped into act(...):

act(() => {
  /* fire events that update state */
});
/* assert on the output */

This ensures that you're testing the behavior the user would see in the browser. Learn more at 
https://react.dev/link/wrap-tests-with-act

[90mstderr[2m | src/components/Dashboard.test.tsx[2m > [22m[2mƒôè Dashboard Component[2m > [22m[2mRendu initial[2m > 
[22m[2mdevrait afficher des cartes de statistiques
[22m[39mThe width(-1) and height(-1) of chart should be greater than 0,
       please check the style of container, or the props width(100%) and height(100%),
       or add a minWidth(0) or minHeight(undefined) or use aspect(undefined) to control the
       height and width.

[90mstderr[2m | src/components/Dashboard.test.tsx[2m > [22m[2mƒôè Dashboard Component[2m > [22m[2mRendu initial[2m > 
[22m[2mdevrait afficher des cartes de statistiques
[22m[39mAn update to Dashboard inside a test was not wrapped in act(...).

When testing, code that causes React state updates should be wrapped into act(...):

act(() => {
  /* fire events that update state */
});
/* assert on the output */

This ensures that you're testing the behavior the user would see in the browser. Learn more at 
https://react.dev/link/wrap-tests-with-act

[90mstderr[2m | src/components/Dashboard.test.tsx[2m > [22m[2mƒôè Dashboard Component[2m > [22m[2mAffichage des 
graphiques[2m > [22m[2mdevrait afficher le graphique des revenus mensuels (BarChart)
[22m[39mThe width(-1) and height(-1) of chart should be greater than 0,
       please check the style of container, or the props width(100%) and height(100%),
       or add a minWidth(0) or minHeight(undefined) or use aspect(undefined) to control the
       height and width.

[90mstderr[2m | src/components/Dashboard.test.tsx[2m > [22m[2mƒôè Dashboard Component[2m > [22m[2mAffichage des 
graphiques[2m > [22m[2mdevrait afficher le graphique des revenus mensuels (BarChart)
[22m[39mAn update to Dashboard inside a test was not wrapped in act(...).

When testing, code that causes React state updates should be wrapped into act(...):

act(() => {
  /* fire events that update state */
});
/* assert on the output */

This ensures that you're testing the behavior the user would see in the browser. Learn more at 
https://react.dev/link/wrap-tests-with-act

[90mstderr[2m | src/components/Dashboard.test.tsx[2m > [22m[2mƒôè Dashboard Component[2m > [22m[2mAffichage des 
graphiques[2m > [22m[2mdevrait avoir des donn├®es dans le graphique BarChart
[22m[39mThe width(-1) and height(-1) of chart should be greater than 0,
       please check the style of container, or the props width(100%) and height(100%),
       or add a minWidth(0) or minHeight(undefined) or use aspect(undefined) to control the
       height and width.

[90mstderr[2m | src/components/Dashboard.test.tsx[2m > [22m[2mƒôè Dashboard Component[2m > [22m[2mAffichage des 
graphiques[2m > [22m[2mdevrait avoir des donn├®es dans le graphique BarChart
[22m[39mAn update to Dashboard inside a test was not wrapped in act(...).

When testing, code that causes React state updates should be wrapped into act(...):

act(() => {
  /* fire events that update state */
});
/* assert on the output */

This ensures that you're testing the behavior the user would see in the browser. Learn more at 
https://react.dev/link/wrap-tests-with-act

[90mstderr[2m | src/components/Dashboard.test.tsx[2m > [22m[2mƒôè Dashboard Component[2m > [22m[2mAffichage des 
graphiques[2m > [22m[2mdevrait afficher les axes X et Y du graphique
[22m[39mThe width(-1) and height(-1) of chart should be greater than 0,
       please check the style of container, or the props width(100%) and height(100%),
       or add a minWidth(0) or minHeight(undefined) or use aspect(undefined) to control the
       height and width.

[90mstderr[2m | src/components/Dashboard.test.tsx[2m > [22m[2mƒôè Dashboard Component[2m > [22m[2mAffichage des 
graphiques[2m > [22m[2mdevrait afficher les axes X et Y du graphique
[22m[39mAn update to Dashboard inside a test was not wrapped in act(...).

When testing, code that causes React state updates should be wrapped into act(...):

act(() => {
  /* fire events that update state */
});
/* assert on the output */

This ensures that you're testing the behavior the user would see in the browser. Learn more at 
https://react.dev/link/wrap-tests-with-act

[90mstderr[2m | src/components/Dashboard.test.tsx[2m > [22m[2mƒôè Dashboard Component[2m > [22m[2mAffichage des 
graphiques[2m > [22m[2mdevrait afficher le tooltip du graphique
[22m[39mThe width(-1) and height(-1) of chart should be greater than 0,
       please check the style of container, or the props width(100%) and height(100%),
       or add a minWidth(0) or minHeight(undefined) or use aspect(undefined) to control the
       height and width.

[90mstderr[2m | src/components/Dashboard.test.tsx[2m > [22m[2mƒôè Dashboard Component[2m > [22m[2mAffichage des 
graphiques[2m > [22m[2mdevrait afficher le tooltip du graphique
[22m[39mAn update to Dashboard inside a test was not wrapped in act(...).

When testing, code that causes React state updates should be wrapped into act(...):

act(() => {
  /* fire events that update state */
});
/* assert on the output */

This ensures that you're testing the behavior the user would see in the browser. Learn more at 
https://react.dev/link/wrap-tests-with-act

[90mstderr[2m | src/components/Dashboard.test.tsx[2m > [22m[2mƒôè Dashboard Component[2m > [22m[2mAffichage des 
graphiques[2m > [22m[2mdevrait afficher les barres de revenus et avoirs
[22m[39mThe width(-1) and height(-1) of chart should be greater than 0,
       please check the style of container, or the props width(100%) and height(100%),
       or add a minWidth(0) or minHeight(undefined) or use aspect(undefined) to control the
       height and width.

[90mstderr[2m | src/components/Dashboard.test.tsx[2m > [22m[2mƒôè Dashboard Component[2m > [22m[2mAffichage des 
graphiques[2m > [22m[2mdevrait afficher les barres de revenus et avoirs
[22m[39mAn update to Dashboard inside a test was not wrapped in act(...).

When testing, code that causes React state updates should be wrapped into act(...):

act(() => {
  /* fire events that update state */
});
/* assert on the output */

This ensures that you're testing the behavior the user would see in the browser. Learn more at 
https://react.dev/link/wrap-tests-with-act

[90mstderr[2m | src/components/Dashboard.test.tsx[2m > [22m[2mƒôè Dashboard Component[2m > [22m[2mAffichage des 
donn├®es[2m > [22m[2mdevrait afficher les KPIs principaux
[22m[39mThe width(-1) and height(-1) of chart should be greater than 0,
       please check the style of container, or the props width(100%) and height(100%),
       or add a minWidth(0) or minHeight(undefined) or use aspect(undefined) to control the
       height and width.

[90mstderr[2m | src/components/Dashboard.test.tsx[2m > [22m[2mƒôè Dashboard Component[2m > [22m[2mGestion des erreurs[2m > 
[22m[2mdevrait g├®rer les erreurs de validation
[22m[39mThe width(-1) and height(-1) of chart should be greater than 0,
       please check the style of container, or the props width(100%) and height(100%),
       or add a minWidth(0) or minHeight(undefined) or use aspect(undefined) to control the
       height and width.

[90mstderr[2m | src/components/Dashboard.test.tsx[2m > [22m[2mƒôè Dashboard Component[2m > [22m[2mGestion des erreurs[2m > 
[22m[2mdevrait g├®rer les erreurs de validation
[22m[39mAn update to Dashboard inside a test was not wrapped in act(...).

When testing, code that causes React state updates should be wrapped into act(...):

act(() => {
  /* fire events that update state */
});
/* assert on the output */

This ensures that you're testing the behavior the user would see in the browser. Learn more at 
https://react.dev/link/wrap-tests-with-act

[90mstderr[2m | src/components/Dashboard.test.tsx[2m > [22m[2mƒôè Dashboard Component[2m > [22m[2mAccessibilit├®[2m > 
[22m[2mdevrait contenir un Header avec titre
[22m[39mThe width(-1) and height(-1) of chart should be greater than 0,
       please check the style of container, or the props width(100%) and height(100%),
       or add a minWidth(0) or minHeight(undefined) or use aspect(undefined) to control the
       height and width.

[90mstderr[2m | src/components/Dashboard.test.tsx[2m > [22m[2mƒôè Dashboard Component[2m > [22m[2mAccessibilit├®[2m > 
[22m[2mdevrait contenir un Header avec titre
[22m[39mAn update to Dashboard inside a test was not wrapped in act(...).

When testing, code that causes React state updates should be wrapped into act(...):

act(() => {
  /* fire events that update state */
});
/* assert on the output */

This ensures that you're testing the behavior the user would see in the browser. Learn more at 
https://react.dev/link/wrap-tests-with-act

[90mstderr[2m | src/components/Dashboard.test.tsx[2m > [22m[2mƒôè Dashboard Component[2m > [22m[2mAccessibilit├®[2m > 
[22m[2mdevrait contenir des boutons navigables
[22m[39mThe width(-1) and height(-1) of chart should be greater than 0,
       please check the style of container, or the props width(100%) and height(100%),
       or add a minWidth(0) or minHeight(undefined) or use aspect(undefined) to control the
       height and width.

[90mstderr[2m | src/components/Dashboard.test.tsx[2m > [22m[2mƒôè Dashboard Component[2m > [22m[2mAccessibilit├®[2m > 
[22m[2mdevrait contenir des boutons navigables
[22m[39mAn update to Dashboard inside a test was not wrapped in act(...).

When testing, code that causes React state updates should be wrapped into act(...):

act(() => {
  /* fire events that update state */
});
/* assert on the output */

This ensures that you're testing the behavior the user would see in the browser. Learn more at 
https://react.dev/link/wrap-tests-with-act

[90mstderr[2m | src/components/Dashboard.test.tsx[2m > [22m[2mƒôè Dashboard Component[2m > [22m[2mInt├®gration avec les 
hooks[2m > [22m[2mdevrait utiliser les donn├®es valid├®es
[22m[39mThe width(-1) and height(-1) of chart should be greater than 0,
       please check the style of container, or the props width(100%) and height(100%),
       or add a minWidth(0) or minHeight(undefined) or use aspect(undefined) to control the
       height and width.

[90mstderr[2m | src/components/Dashboard.test.tsx[2m > [22m[2mƒôè Dashboard Component[2m > [22m[2mInt├®gration avec les 
hooks[2m > [22m[2mdevrait utiliser les donn├®es valid├®es
[22m[39mAn update to Dashboard inside a test was not wrapped in act(...).

When testing, code that causes React state updates should be wrapped into act(...):

act(() => {
  /* fire events that update state */
});
/* assert on the output */

This ensures that you're testing the behavior the user would see in the browser. Learn more at 
https://react.dev/link/wrap-tests-with-act

[90mstderr[2m | src/components/Dashboard.test.tsx[2m > [22m[2mƒôè Dashboard Component[2m > [22m[2mInt├®gration avec les 
hooks[2m > [22m[2mdevrait afficher le ThresholdMonitor pour la surveillance des seuils
[22m[39mThe width(-1) and height(-1) of chart should be greater than 0,
       please check the style of container, or the props width(100%) and height(100%),
       or add a minWidth(0) or minHeight(undefined) or use aspect(undefined) to control the
       height and width.

[90mstderr[2m | src/components/Dashboard.test.tsx[2m > [22m[2mƒôè Dashboard Component[2m > [22m[2mInt├®gration avec les 
hooks[2m > [22m[2mdevrait afficher le ThresholdMonitor pour la surveillance des seuils
[22m[39mAn update to Dashboard inside a test was not wrapped in act(...).

When testing, code that causes React state updates should be wrapped into act(...):

act(() => {
  /* fire events that update state */
});
/* assert on the output */

This ensures that you're testing the behavior the user would see in the browser. Learn more at 
https://react.dev/link/wrap-tests-with-act

 [31mÔØ»[39m src/components/Dashboard.test.tsx [2m([22m[2m15 tests[22m[2m | [22m[31m1 failed[39m[2m)[22m[33m 1747[2mms[22m[39m
       [33m[2mÔ£ô[22m[39m devrait se rendre sans erreur [33m 332[2mms[22m[39m
       [32mÔ£ô[39m devrait afficher le composant Header[32m 198[2mms[22m[39m
       [32mÔ£ô[39m devrait afficher le ThresholdMonitor[32m 149[2mms[22m[39m
       [32mÔ£ô[39m devrait afficher des cartes de statistiques[32m 106[2mms[22m[39m
       [32mÔ£ô[39m devrait afficher le graphique des revenus mensuels (BarChart)[32m 90[2mms[22m[39m
[31m       [31m├ù[31m devrait avoir des donn├®es dans le graphique BarChart[39m[32m 89[2mms[22m[39m
       [32mÔ£ô[39m devrait afficher les axes X et Y du graphique[32m 89[2mms[22m[39m
       [32mÔ£ô[39m devrait afficher le tooltip du graphique[32m 91[2mms[22m[39m
       [32mÔ£ô[39m devrait afficher les barres de revenus et avoirs[32m 78[2mms[22m[39m
       [32mÔ£ô[39m devrait afficher les KPIs principaux[32m 124[2mms[22m[39m
       [32mÔ£ô[39m devrait g├®rer les erreurs de validation[32m 78[2mms[22m[39m
       [32mÔ£ô[39m devrait contenir un Header avec titre[32m 89[2mms[22m[39m
       [32mÔ£ô[39m devrait contenir des boutons navigables[32m 78[2mms[22m[39m
       [32mÔ£ô[39m devrait utiliser les donn├®es valid├®es[32m 76[2mms[22m[39m
       [32mÔ£ô[39m devrait afficher le ThresholdMonitor pour la surveillance des seuils[32m 72[2mms[22m[39m

[31mÔÄ»ÔÄ»ÔÄ»ÔÄ»ÔÄ»ÔÄ»ÔÄ»[39m[1m[41m Failed Tests 1 [49m[22m[31mÔÄ»ÔÄ»ÔÄ»ÔÄ»ÔÄ»ÔÄ»ÔÄ»[39m

[41m[1m FAIL [22m[49m src/components/Dashboard.test.tsx[2m > [22mƒôè Dashboard Component[2m > [22mAffichage des 
graphiques[2m > [22mdevrait avoir des donn├®es dans le graphique BarChart
[31m[1mAssertionError[22m: expected null to be truthy[39m

[32m- Expected:[39m 
true

[31m+ Received:[39m 
null

[36m [2mÔØ»[22m src/components/Dashboard.test.tsx:[2m204:24[22m[39m
    [90m202| [39m      [35mconst[39m barChart [33m=[39m 
screen[33m.[39m[34mgetByTestId[39m([32m'recharts-barchart'[39m)[33m;[39m
    [90m203| [39m      [35mconst[39m dataAttr [33m=[39m 
barChart[33m.[39m[34mgetAttribute[39m([32m'data-chart-data'[39m)[33m;[39m
    [90m204| [39m      [34mexpect[39m(dataAttr)[33m.[39m[34mtoBeTruthy[39m()[33m;[39m
    [90m   | [39m                       [31m^[39m
    [90m205| [39m      [35mtry[39m {
    [90m206| [39m        [33mJSON[39m[33m.[39m[34mparse[39m(dataAttr [33m||[39m [32m'[]'[39m)[33m;[39m

[31m[2mÔÄ»ÔÄ»ÔÄ»ÔÄ»ÔÄ»ÔÄ»ÔÄ»ÔÄ»ÔÄ»ÔÄ»ÔÄ»ÔÄ»ÔÄ»ÔÄ»ÔÄ»ÔÄ»ÔÄ»ÔÄ»ÔÄ»ÔÄ»ÔÄ»ÔÄ»ÔÄ»ÔÄ»[1/1]ÔÄ»[22m[39m


[2m Test Files [22m [1m[31m1 failed[39m[22m[90m (1)[39m
[2m      Tests [22m [1m[31m1 failed[39m[22m[2m | [22m[1m[32m14 passed[39m[22m[90m (15)[39m
[2m   Start at [22m 11:25:04
[2m   Duration [22m 6.04s[2m (transform 537ms, setup 350ms, import 1.76s, tests 1.75s, environment 1.25s)[22m

